Archive member included to satisfy reference by file (symbol)

/opt/st/stm32cubeide_1.18.0/plugins/com.st.stm32cube.ide.mcu.externaltools.gnu-tools-for-stm32.13.3.rel1.linux64_1.0.0.202410170706/tools/bin/../lib/gcc/arm-none-eabi/13.3.1/../../../../arm-none-eabi/lib/thumb/v7-m/nofp/libc_nano.a(libc_a-exit.o)
                              /opt/st/stm32cubeide_1.18.0/plugins/com.st.stm32cube.ide.mcu.externaltools.gnu-tools-for-stm32.13.3.rel1.linux64_1.0.0.202410170706/tools/bin/../lib/gcc/arm-none-eabi/13.3.1/../../../../arm-none-eabi/lib/thumb/v7-m/nofp/crt0.o (exit)
/opt/st/stm32cubeide_1.18.0/plugins/com.st.stm32cube.ide.mcu.externaltools.gnu-tools-for-stm32.13.3.rel1.linux64_1.0.0.202410170706/tools/bin/../lib/gcc/arm-none-eabi/13.3.1/../../../../arm-none-eabi/lib/thumb/v7-m/nofp/libc_nano.a(libc_a-findfp.o)
                              /opt/st/stm32cubeide_1.18.0/plugins/com.st.stm32cube.ide.mcu.externaltools.gnu-tools-for-stm32.13.3.rel1.linux64_1.0.0.202410170706/tools/bin/../lib/gcc/arm-none-eabi/13.3.1/../../../../arm-none-eabi/lib/thumb/v7-m/nofp/libc_nano.a(libc_a-exit.o) (__stdio_exit_handler)
/opt/st/stm32cubeide_1.18.0/plugins/com.st.stm32cube.ide.mcu.externaltools.gnu-tools-for-stm32.13.3.rel1.linux64_1.0.0.202410170706/tools/bin/../lib/gcc/arm-none-eabi/13.3.1/../../../../arm-none-eabi/lib/thumb/v7-m/nofp/libc_nano.a(libc_a-fwalk.o)
                              /opt/st/stm32cubeide_1.18.0/plugins/com.st.stm32cube.ide.mcu.externaltools.gnu-tools-for-stm32.13.3.rel1.linux64_1.0.0.202410170706/tools/bin/../lib/gcc/arm-none-eabi/13.3.1/../../../../arm-none-eabi/lib/thumb/v7-m/nofp/libc_nano.a(libc_a-findfp.o) (_fwalk_sglue)
/opt/st/stm32cubeide_1.18.0/plugins/com.st.stm32cube.ide.mcu.externaltools.gnu-tools-for-stm32.13.3.rel1.linux64_1.0.0.202410170706/tools/bin/../lib/gcc/arm-none-eabi/13.3.1/../../../../arm-none-eabi/lib/thumb/v7-m/nofp/libc_nano.a(libc_a-stdio.o)
                              /opt/st/stm32cubeide_1.18.0/plugins/com.st.stm32cube.ide.mcu.externaltools.gnu-tools-for-stm32.13.3.rel1.linux64_1.0.0.202410170706/tools/bin/../lib/gcc/arm-none-eabi/13.3.1/../../../../arm-none-eabi/lib/thumb/v7-m/nofp/libc_nano.a(libc_a-findfp.o) (__sread)
/opt/st/stm32cubeide_1.18.0/plugins/com.st.stm32cube.ide.mcu.externaltools.gnu-tools-for-stm32.13.3.rel1.linux64_1.0.0.202410170706/tools/bin/../lib/gcc/arm-none-eabi/13.3.1/../../../../arm-none-eabi/lib/thumb/v7-m/nofp/libc_nano.a(libc_a-memset.o)
                              /opt/st/stm32cubeide_1.18.0/plugins/com.st.stm32cube.ide.mcu.externaltools.gnu-tools-for-stm32.13.3.rel1.linux64_1.0.0.202410170706/tools/bin/../lib/gcc/arm-none-eabi/13.3.1/../../../../arm-none-eabi/lib/thumb/v7-m/nofp/crt0.o (memset)
/opt/st/stm32cubeide_1.18.0/plugins/com.st.stm32cube.ide.mcu.externaltools.gnu-tools-for-stm32.13.3.rel1.linux64_1.0.0.202410170706/tools/bin/../lib/gcc/arm-none-eabi/13.3.1/../../../../arm-none-eabi/lib/thumb/v7-m/nofp/libc_nano.a(libc_a-closer.o)
                              /opt/st/stm32cubeide_1.18.0/plugins/com.st.stm32cube.ide.mcu.externaltools.gnu-tools-for-stm32.13.3.rel1.linux64_1.0.0.202410170706/tools/bin/../lib/gcc/arm-none-eabi/13.3.1/../../../../arm-none-eabi/lib/thumb/v7-m/nofp/libc_nano.a(libc_a-stdio.o) (_close_r)
/opt/st/stm32cubeide_1.18.0/plugins/com.st.stm32cube.ide.mcu.externaltools.gnu-tools-for-stm32.13.3.rel1.linux64_1.0.0.202410170706/tools/bin/../lib/gcc/arm-none-eabi/13.3.1/../../../../arm-none-eabi/lib/thumb/v7-m/nofp/libc_nano.a(libc_a-reent.o)
                              /opt/st/stm32cubeide_1.18.0/plugins/com.st.stm32cube.ide.mcu.externaltools.gnu-tools-for-stm32.13.3.rel1.linux64_1.0.0.202410170706/tools/bin/../lib/gcc/arm-none-eabi/13.3.1/../../../../arm-none-eabi/lib/thumb/v7-m/nofp/libc_nano.a(libc_a-closer.o) (errno)
/opt/st/stm32cubeide_1.18.0/plugins/com.st.stm32cube.ide.mcu.externaltools.gnu-tools-for-stm32.13.3.rel1.linux64_1.0.0.202410170706/tools/bin/../lib/gcc/arm-none-eabi/13.3.1/../../../../arm-none-eabi/lib/thumb/v7-m/nofp/libc_nano.a(libc_a-impure.o)
                              /opt/st/stm32cubeide_1.18.0/plugins/com.st.stm32cube.ide.mcu.externaltools.gnu-tools-for-stm32.13.3.rel1.linux64_1.0.0.202410170706/tools/bin/../lib/gcc/arm-none-eabi/13.3.1/../../../../arm-none-eabi/lib/thumb/v7-m/nofp/libc_nano.a(libc_a-reent.o) (_impure_ptr)
/opt/st/stm32cubeide_1.18.0/plugins/com.st.stm32cube.ide.mcu.externaltools.gnu-tools-for-stm32.13.3.rel1.linux64_1.0.0.202410170706/tools/bin/../lib/gcc/arm-none-eabi/13.3.1/../../../../arm-none-eabi/lib/thumb/v7-m/nofp/libc_nano.a(libc_a-lseekr.o)
                              /opt/st/stm32cubeide_1.18.0/plugins/com.st.stm32cube.ide.mcu.externaltools.gnu-tools-for-stm32.13.3.rel1.linux64_1.0.0.202410170706/tools/bin/../lib/gcc/arm-none-eabi/13.3.1/../../../../arm-none-eabi/lib/thumb/v7-m/nofp/libc_nano.a(libc_a-stdio.o) (_lseek_r)
[...]
Memory Configuration

Name             Origin             Length             Attributes
RAM              0x20000000         0x00005000         xrw
FLASH            0x08000000         0x00010000         xr
*default*        0x00000000         0xffffffff

Linker script and memory map

LOAD /opt/st/stm32cubeide_1.18.0/plugins/com.st.stm32cube.ide.mcu.externaltools.gnu-tools-for-stm32.13.3.rel1.linux64_1.0.0.202410170706/tools/bin/../lib/gcc/arm-none-eabi/13.3.1/thumb/v7-m/nofp/crti.o
LOAD /opt/st/stm32cubeide_1.18.0/plugins/com.st.stm32cube.ide.mcu.externaltools.gnu-tools-for-stm32.13.3.rel1.linux64_1.0.0.202410170706/tools/bin/../lib/gcc/arm-none-eabi/13.3.1/thumb/v7-m/nofp/crtbegin.o
LOAD /opt/st/stm32cubeide_1.18.0/plugins/com.st.stm32cube.ide.mcu.externaltools.gnu-tools-for-stm32.13.3.rel1.linux64_1.0.0.202410170706/tools/bin/../lib/gcc/arm-none-eabi/13.3.1/../../../../arm-none-eabi/lib/thumb/v7-m/nofp/crt0.o
LOAD ./Core/Src/LCD_Manager.o
LOAD ./Core/Src/MatrizLed.o
LOAD ./Core/Src/lcdDisplay.o
LOAD ./Core/Src/main.o
LOAD ./Core/Src/stm32f1xx_hal_msp.o
LOAD ./Core/Src/stm32f1xx_it.o
LOAD ./Core/Src/syscalls.o
LOAD ./Core/Src/sysmem.o
LOAD ./Core/Src/system_stm32f1xx.o
LOAD ./Core/Startup/startup_stm32f103c8tx.o
LOAD ./Drivers/STM32F1xx_HAL_Driver/Src/stm32f1xx_hal.o
LOAD ./Drivers/STM32F1xx_HAL_Driver/Src/stm32f1xx_hal_cortex.o
LOAD ./Drivers/STM32F1xx_HAL_Driver/Src/stm32f1xx_hal_dma.o
LOAD ./Drivers/STM32F1xx_HAL_Driver/Src/stm32f1xx_hal_exti.o
LOAD ./Drivers/STM32F1xx_HAL_Driver/Src/stm32f1xx_hal_flash.o
LOAD ./Drivers/STM32F1xx_HAL_Driver/Src/stm32f1xx_hal_flash_ex.o
LOAD ./Drivers/STM32F1xx_HAL_Driver/Src/stm32f1xx_hal_gpio.o
LOAD ./Drivers/STM32F1xx_HAL_Driver/Src/stm32f1xx_hal_gpio_ex.o
LOAD ./Drivers/STM32F1xx_HAL_Driver/Src/stm32f1xx_hal_pwr.o
LOAD ./Drivers/STM32F1xx_HAL_Driver/Src/stm32f1xx_hal_rcc.o
LOAD ./Drivers/STM32F1xx_HAL_Driver/Src/stm32f1xx_hal_rcc_ex.o
LOAD ./Drivers/STM32F1xx_HAL_Driver/Src/stm32f1xx_hal_tim.o
LOAD ./Drivers/STM32F1xx_HAL_Driver/Src/stm32f1xx_hal_tim_ex.o
START GROUP
LOAD /opt/st/stm32cubeide_1.18.0/plugins/com.st.stm32cube.ide.mcu.externaltools.gnu-tools-for-stm32.13.3.rel1.linux64_1.0.0.202410170706/tools/bin/../lib/gcc/arm-none-eabi/13.3.1/../../../../arm-none-eabi/lib/thumb/v7-m/nofp/libc_nano.a
LOAD /opt/st/stm32cubeide_1.18.0/plugins/com.st.stm32cube.ide.mcu.externaltools.gnu-tools-for-stm32.13.3.rel1.linux64_1.0.0.202410170706/tools/bin/../lib/gcc/arm-none-eabi/13.3.1/../../../../arm-none-eabi/lib/thumb/v7-m/nofp/libm.a
END GROUP
START GROUP
LOAD /opt/st/stm32cubeide_1.18.0/plugins/com.st.stm32cube.ide.mcu.externaltools.gnu-tools-for-stm32.13.3.rel1.linux64_1.0.0.202410170706/tools/bin/../lib/gcc/arm-none-eabi/13.3.1/thumb/v7-m/nofp/libgcc.a
LOAD /opt/st/stm32cubeide_1.18.0/plugins/com.st.stm32cube.ide.mcu.externaltools.gnu-tools-for-stm32.13.3.rel1.linux64_1.0.0.202410170706/tools/bin/../lib/gcc/arm-none-eabi/13.3.1/../../../../arm-none-eabi/lib/thumb/v7-m/nofp/libc_nano.a
END GROUP
START GROUP
LOAD /opt/st/stm32cubeide_1.18.0/plugins/com.st.stm32cube.ide.mcu.externaltools.gnu-tools-for-stm32.13.3.rel1.linux64_1.0.0.202410170706/tools/bin/../lib/gcc/arm-none-eabi/13.3.1/thumb/v7-m/nofp/libgcc.a
LOAD /opt/st/stm32cubeide_1.18.0/plugins/com.st.stm32cube.ide.mcu.externaltools.gnu-tools-for-stm32.13.3.rel1.linux64_1.0.0.202410170706/tools/bin/../lib/gcc/arm-none-eabi/13.3.1/../../../../arm-none-eabi/lib/thumb/v7-m/nofp/libc_nano.a
LOAD /opt/st/stm32cubeide_1.18.0/plugins/com.st.stm32cube.ide.mcu.externaltools.gnu-tools-for-stm32.13.3.rel1.linux64_1.0.0.202410170706/tools/bin/../lib/gcc/arm-none-eabi/13.3.1/../../../../arm-none-eabi/lib/thumb/v7-m/nofp/libnosys.a
END GROUP
START GROUP
LOAD /opt/st/stm32cubeide_1.18.0/plugins/com.st.stm32cube.ide.mcu.externaltools.gnu-tools-for-stm32.13.3.rel1.linux64_1.0.0.202410170706/tools/bin/../lib/gcc/arm-none-eabi/13.3.1/thumb/v7-m/nofp/libgcc.a
LOAD /opt/st/stm32cubeide_1.18.0/plugins/com.st.stm32cube.ide.mcu.externaltools.gnu-tools-for-stm32.13.3.rel1.linux64_1.0.0.202410170706/tools/bin/../lib/gcc/arm-none-eabi/13.3.1/../../../../arm-none-eabi/lib/thumb/v7-m/nofp/libc_nano.a
LOAD /opt/st/stm32cubeide_1.18.0/plugins/com.st.stm32cube.ide.mcu.externaltools.gnu-tools-for-stm32.13.3.rel1.linux64_1.0.0.202410170706/tools/bin/../lib/gcc/arm-none-eabi/13.3.1/../../../../arm-none-eabi/lib/thumb/v7-m/nofp/libnosys.a
END GROUP
LOAD /opt/st/stm32cubeide_1.18.0/plugins/com.st.stm32cube.ide.mcu.externaltools.gnu-tools-for-stm32.13.3.rel1.linux64_1.0.0.202410170706/tools/bin/../lib/gcc/arm-none-eabi/13.3.1/thumb/v7-m/nofp/crtend.o
LOAD /opt/st/stm32cubeide_1.18.0/plugins/com.st.stm32cube.ide.mcu.externaltools.gnu-tools-for-stm32.13.3.rel1.linux64_1.0.0.202410170706/tools/bin/../lib/gcc/arm-none-eabi/13.3.1/thumb/v7-m/nofp/crtn.o
                0x20005000                        _estack = (ORIGIN (RAM) + LENGTH (RAM))
                0x00000300                        _Min_Heap_Size = 0x300
                0x00000500                        _Min_Stack_Size = 0x500

.isr_vector     0x08000000      0x10c
                0x08000000                        . = ALIGN (0x4)
 *(.isr_vector)
 .isr_vector    0x08000000      0x10c ./Core/Startup/startup_stm32f103c8tx.o
                0x08000000                g_pfnVectors
                0x0800010c                        . = ALIGN (0x4)

.text           0x0800010c     0x21c0
                0x0800010c                        . = ALIGN (0x4)
 *(.text)
 .text          0x0800010c       0x40 /opt/st/stm32cubeide_1.18.0/plugins/com.st.stm32cube.ide.mcu.externaltools.gnu-tools-for-stm32.13.3.rel1.linux64_1.0.0.202410170706/tools/bin/../lib/gcc/arm-none-eabi/13.3.1/thumb/v7-m/nofp/crtbegin.o
 *(.text*)
 .text.lcd_Task
                0x0800014c       0x9c ./Core/Src/LCD_Manager.o
                0x0800014c                lcd_Task
 .text.changeLCDScreen
                0x080001e8       0x2c ./Core/Src/LCD_Manager.o
                0x080001e8                changeLCDScreen
 .text.taskMatrizLed
                0x08000214      0x16c ./Core/Src/MatrizLed.o
                0x08000214                taskMatrizLed
 .text.changeMatriz
                0x08000380       0x5c ./Core/Src/MatrizLed.o
                0x08000380                changeMatriz
 .text.register_EN
                0x080003dc       0x30 ./Core/Src/lcdDisplay.o
                0x080003dc                register_EN
 .text.Write_Display
                0x0800040c       0x7c ./Core/Src/lcdDisplay.o
                0x0800040c                Write_Display
 .text.Write_caracter
                0x08000488       0x1a ./Core/Src/lcdDisplay.o
                0x08000488                Write_caracter
 .text.Set_Line
                0x080004a2       0x26 ./Core/Src/lcdDisplay.o
                0x080004a2                Set_Line
 .text.change_Message
                0x080004c8       0x98 ./Core/Src/lcdDisplay.o
                0x080004c8                change_Message
 .text.send_nibble
                0x08000560       0x9c ./Core/Src/lcdDisplay.o
                0x08000560                send_nibble
 .text.lcd_send_command
                0x080005fc       0x44 ./Core/Src/lcdDisplay.o
                0x080005fc                lcd_send_command
 .text.lcd_send_data
                0x08000640       0x44 ./Core/Src/lcdDisplay.o
                0x08000640                lcd_send_data
 .text.initialize_LCD
                0x08000684       0x62 ./Core/Src/lcdDisplay.o
                0x08000684                initialize_LCD
 *fill*         0x080006e6        0x2 
 .text.DWT_Delay_Init
                0x080006e8       0x34 ./Core/Src/main.o
                0x080006e8                DWT_Delay_Init
 .text.DWT_Delay_us
                0x0800071c       0x4c ./Core/Src/main.o
                0x0800071c                DWT_Delay_us
 .text.HAL_TIM_PeriodElapsedCallback
                0x08000768       0x48 ./Core/Src/main.o
                0x08000768                HAL_TIM_PeriodElapsedCallback
 .text.main     0x080007b0       0xb8 ./Core/Src/main.o
                0x080007b0                main
 .text.SystemClock_Config
                0x08000868       0x8c ./Core/Src/main.o
                0x08000868                SystemClock_Config
 .text.MX_TIM2_Init
                0x080008f4       0x98 ./Core/Src/main.o
 .text.MX_GPIO_Init
                0x0800098c      0x120 ./Core/Src/main.o
 .text.Error_Handler
                0x08000aac        0xc ./Core/Src/main.o
                0x08000aac                Error_Handler
 .text.HAL_MspInit
                0x08000ab8       0x64 ./Core/Src/stm32f1xx_hal_msp.o
                0x08000ab8                HAL_MspInit
 .text.HAL_TIM_Base_MspInit
                0x08000b1c       0x48 ./Core/Src/stm32f1xx_hal_msp.o
                0x08000b1c                HAL_TIM_Base_MspInit
 .text.NMI_Handler
                0x08000b64        0x8 ./Core/Src/stm32f1xx_it.o
                0x08000b64                NMI_Handler
 .text.HardFault_Handler
                0x08000b6c        0x8 ./Core/Src/stm32f1xx_it.o
                0x08000b6c                HardFault_Handler
 .text.MemManage_Handler
                0x08000b74        0x8 ./Core/Src/stm32f1xx_it.o
                0x08000b74                MemManage_Handler
 .text.BusFault_Handler
                0x08000b7c        0x8 ./Core/Src/stm32f1xx_it.o
                0x08000b7c                BusFault_Handler
 .text.UsageFault_Handler
                0x08000b84        0x8 ./Core/Src/stm32f1xx_it.o
                0x08000b84                UsageFault_Handler
 .text.SVC_Handler
                0x08000b8c        0xc ./Core/Src/stm32f1xx_it.o
                0x08000b8c                SVC_Handler
 .text.DebugMon_Handler
                0x08000b98        0xc ./Core/Src/stm32f1xx_it.o
                0x08000b98                DebugMon_Handler
 .text.PendSV_Handler
                0x08000ba4        0xc ./Core/Src/stm32f1xx_it.o
                0x08000ba4                PendSV_Handler
 .text.SysTick_Handler
                0x08000bb0        0xc ./Core/Src/stm32f1xx_it.o
                0x08000bb0                SysTick_Handler
 .text.TIM2_IRQHandler
                0x08000bbc       0x14 ./Core/Src/stm32f1xx_it.o
                0x08000bbc                TIM2_IRQHandler
 .text.SystemInit
                0x08000bd0        0xc ./Core/Src/system_stm32f1xx.o
                0x08000bd0                SystemInit
 .text.Reset_Handler
                0x08000bdc       0x48 ./Core/Startup/startup_stm32f103c8tx.o
                0x08000bdc                Reset_Handler
 .text.Default_Handler
                0x08000c24        0x2 ./Core/Startup/startup_stm32f103c8tx.o
                0x08000c24                RTC_Alarm_IRQHandler
                0x08000c24                EXTI2_IRQHandler
                0x08000c24                TIM1_CC_IRQHandler
                0x08000c24                PVD_IRQHandler
                0x08000c24                EXTI3_IRQHandler
                0x08000c24                EXTI0_IRQHandler
                0x08000c24                I2C2_EV_IRQHandler
                0x08000c24                ADC1_2_IRQHandler
                0x08000c24                SPI1_IRQHandler
                0x08000c24                TAMPER_IRQHandler
                0x08000c24                DMA1_Channel4_IRQHandler
                0x08000c24                USART3_IRQHandler
                0x08000c24                RTC_IRQHandler
                0x08000c24                DMA1_Channel7_IRQHandler
                0x08000c24                CAN1_RX1_IRQHandler
                0x08000c24                TIM4_IRQHandler
                0x08000c24                I2C1_EV_IRQHandler
                0x08000c24                DMA1_Channel6_IRQHandler
                0x08000c24                TIM3_IRQHandler
                0x08000c24                RCC_IRQHandler
                0x08000c24                TIM1_TRG_COM_IRQHandler
                0x08000c24                DMA1_Channel1_IRQHandler
                0x08000c24                Default_Handler
                0x08000c24                EXTI15_10_IRQHandler
                0x08000c24                EXTI9_5_IRQHandler
                0x08000c24                SPI2_IRQHandler
                0x08000c24                DMA1_Channel5_IRQHandler
                0x08000c24                EXTI4_IRQHandler
                0x08000c24                USB_LP_CAN1_RX0_IRQHandler
                0x08000c24                USB_HP_CAN1_TX_IRQHandler
                0x08000c24                DMA1_Channel3_IRQHandler
                0x08000c24                TIM1_UP_IRQHandler
                0x08000c24                WWDG_IRQHandler
                0x08000c24                TIM1_BRK_IRQHandler
                0x08000c24                EXTI1_IRQHandler
                0x08000c24                USART2_IRQHandler
                0x08000c24                I2C2_ER_IRQHandler
                0x08000c24                DMA1_Channel2_IRQHandler
                0x08000c24                CAN1_SCE_IRQHandler
                0x08000c24                FLASH_IRQHandler
                0x08000c24                USART1_IRQHandler
                0x08000c24                I2C1_ER_IRQHandler
                0x08000c24                USBWakeUp_IRQHandler
 *fill*         0x08000c26        0x2 
 .text.HAL_Init
                0x08000c28       0x2c ./Drivers/STM32F1xx_HAL_Driver/Src/stm32f1xx_hal.o
                0x08000c28                HAL_Init
 .text.HAL_InitTick
                0x08000c54       0x60 ./Drivers/STM32F1xx_HAL_Driver/Src/stm32f1xx_hal.o
                0x08000c54                HAL_InitTick
 .text.HAL_IncTick
                0x08000cb4       0x24 ./Drivers/STM32F1xx_HAL_Driver/Src/stm32f1xx_hal.o
                0x08000cb4                HAL_IncTick
 .text.HAL_GetTick
                0x08000cd8       0x14 ./Drivers/STM32F1xx_HAL_Driver/Src/stm32f1xx_hal.o
                0x08000cd8                HAL_GetTick
 .text.HAL_Delay
                0x08000cec       0x48 ./Drivers/STM32F1xx_HAL_Driver/Src/stm32f1xx_hal.o
                0x08000cec                HAL_Delay
 .text.__NVIC_SetPriorityGrouping
                0x08000d34       0x48 ./Drivers/STM32F1xx_HAL_Driver/Src/stm32f1xx_hal_cortex.o
 .text.__NVIC_GetPriorityGrouping
                0x08000d7c       0x1c ./Drivers/STM32F1xx_HAL_Driver/Src/stm32f1xx_hal_cortex.o
 .text.__NVIC_EnableIRQ
                0x08000d98       0x38 ./Drivers/STM32F1xx_HAL_Driver/Src/stm32f1xx_hal_cortex.o
 .text.__NVIC_SetPriority
                0x08000dd0       0x54 ./Drivers/STM32F1xx_HAL_Driver/Src/stm32f1xx_hal_cortex.o
 .text.NVIC_EncodePriority
                0x08000e24       0x64 ./Drivers/STM32F1xx_HAL_Driver/Src/stm32f1xx_hal_cortex.o
 .text.SysTick_Config
                0x08000e88       0x44 ./Drivers/STM32F1xx_HAL_Driver/Src/stm32f1xx_hal_cortex.o
 .text.HAL_NVIC_SetPriorityGrouping
                0x08000ecc       0x16 ./Drivers/STM32F1xx_HAL_Driver/Src/stm32f1xx_hal_cortex.o
                0x08000ecc                HAL_NVIC_SetPriorityGrouping
 .text.HAL_NVIC_SetPriority
                0x08000ee2       0x38 ./Drivers/STM32F1xx_HAL_Driver/Src/stm32f1xx_hal_cortex.o
                0x08000ee2                HAL_NVIC_SetPriority
 .text.HAL_NVIC_EnableIRQ
                0x08000f1a       0x1c ./Drivers/STM32F1xx_HAL_Driver/Src/stm32f1xx_hal_cortex.o
                0x08000f1a                HAL_NVIC_EnableIRQ
 .text.HAL_SYSTICK_Config
                0x08000f36       0x18 ./Drivers/STM32F1xx_HAL_Driver/Src/stm32f1xx_hal_cortex.o
                0x08000f36                HAL_SYSTICK_Config
 *fill*         0x08000f4e        0x2 
 .text.HAL_GPIO_Init
                0x08000f50      0x308 ./Drivers/STM32F1xx_HAL_Driver/Src/stm32f1xx_hal_gpio.o
                0x08000f50                HAL_GPIO_Init
 .text.HAL_GPIO_WritePin
                0x08001258       0x30 ./Drivers/STM32F1xx_HAL_Driver/Src/stm32f1xx_hal_gpio.o
                0x08001258                HAL_GPIO_WritePin
 .text.HAL_GPIO_TogglePin
                0x08001288       0x32 ./Drivers/STM32F1xx_HAL_Driver/Src/stm32f1xx_hal_gpio.o
                0x08001288                HAL_GPIO_TogglePin
 *fill*         0x080012ba        0x2 
 .text.HAL_RCC_OscConfig
                0x080012bc      0x504 ./Drivers/STM32F1xx_HAL_Driver/Src/stm32f1xx_hal_rcc.o
                0x080012bc                HAL_RCC_OscConfig
 .text.HAL_RCC_ClockConfig
                0x080017c0      0x1d4 ./Drivers/STM32F1xx_HAL_Driver/Src/stm32f1xx_hal_rcc.o
                0x080017c0                HAL_RCC_ClockConfig
 .text.HAL_RCC_GetSysClockFreq
                0x08001994       0xa8 ./Drivers/STM32F1xx_HAL_Driver/Src/stm32f1xx_hal_rcc.o
                0x08001994                HAL_RCC_GetSysClockFreq
 .text.RCC_Delay
                0x08001a3c       0x3c ./Drivers/STM32F1xx_HAL_Driver/Src/stm32f1xx_hal_rcc.o
 .text.HAL_TIM_Base_Init
                0x08001a78       0x9e ./Drivers/STM32F1xx_HAL_Driver/Src/stm32f1xx_hal_tim.o
                0x08001a78                HAL_TIM_Base_Init
 *fill*         0x08001b16        0x2 
 .text.HAL_TIM_Base_Start_IT
                0x08001b18       0xa4 ./Drivers/STM32F1xx_HAL_Driver/Src/stm32f1xx_hal_tim.o
                0x08001b18                HAL_TIM_Base_Start_IT
 .text.HAL_TIM_IRQHandler
                0x08001bbc      0x1e0 ./Drivers/STM32F1xx_HAL_Driver/Src/stm32f1xx_hal_tim.o
                0x08001bbc                HAL_TIM_IRQHandler
 .text.HAL_TIM_ConfigClockSource
                0x08001d9c      0x18e ./Drivers/STM32F1xx_HAL_Driver/Src/stm32f1xx_hal_tim.o
                0x08001d9c                HAL_TIM_ConfigClockSource
 .text.HAL_TIM_OC_DelayElapsedCallback
                0x08001f2a       0x12 ./Drivers/STM32F1xx_HAL_Driver/Src/stm32f1xx_hal_tim.o
                0x08001f2a                HAL_TIM_OC_DelayElapsedCallback
 .text.HAL_TIM_IC_CaptureCallback
                0x08001f3c       0x12 ./Drivers/STM32F1xx_HAL_Driver/Src/stm32f1xx_hal_tim.o
                0x08001f3c                HAL_TIM_IC_CaptureCallback
 .text.HAL_TIM_PWM_PulseFinishedCallback
                0x08001f4e       0x12 ./Drivers/STM32F1xx_HAL_Driver/Src/stm32f1xx_hal_tim.o
                0x08001f4e                HAL_TIM_PWM_PulseFinishedCallback
 .text.HAL_TIM_TriggerCallback
                0x08001f60       0x12 ./Drivers/STM32F1xx_HAL_Driver/Src/stm32f1xx_hal_tim.o
                0x08001f60                HAL_TIM_TriggerCallback
 *fill*         0x08001f72        0x2 
 .text.TIM_Base_SetConfig
                0x08001f74       0xdc ./Drivers/STM32F1xx_HAL_Driver/Src/stm32f1xx_hal_tim.o
                0x08001f74                TIM_Base_SetConfig
 .text.TIM_TI1_ConfigInputStage
                0x08002050       0x5c ./Drivers/STM32F1xx_HAL_Driver/Src/stm32f1xx_hal_tim.o
 .text.TIM_TI2_ConfigInputStage
                0x080020ac       0x5e ./Drivers/STM32F1xx_HAL_Driver/Src/stm32f1xx_hal_tim.o
 .text.TIM_ITRx_SetConfig
                0x0800210a       0x34 ./Drivers/STM32F1xx_HAL_Driver/Src/stm32f1xx_hal_tim.o
 .text.TIM_ETR_SetConfig
                0x0800213e       0x3e ./Drivers/STM32F1xx_HAL_Driver/Src/stm32f1xx_hal_tim.o
                0x0800213e                TIM_ETR_SetConfig
 .text.HAL_TIMEx_MasterConfigSynchronization
                0x0800217c       0xbc ./Drivers/STM32F1xx_HAL_Driver/Src/stm32f1xx_hal_tim_ex.o
                0x0800217c                HAL_TIMEx_MasterConfigSynchronization
 .text.HAL_TIMEx_CommutCallback
                0x08002238       0x12 ./Drivers/STM32F1xx_HAL_Driver/Src/stm32f1xx_hal_tim_ex.o
                0x08002238                HAL_TIMEx_CommutCallback
 .text.HAL_TIMEx_BreakCallback
                0x0800224a       0x12 ./Drivers/STM32F1xx_HAL_Driver/Src/stm32f1xx_hal_tim_ex.o
                0x0800224a                HAL_TIMEx_BreakCallback
 .text.memset   0x0800225c       0x10 /opt/st/stm32cubeide_1.18.0/plugins/com.st.stm32cube.ide.mcu.externaltools.gnu-tools-for-stm32.13.3.rel1.linux64_1.0.0.202410170706/tools/bin/../lib/gcc/arm-none-eabi/13.3.1/../../../../arm-none-eabi/lib/thumb/v7-m/nofp/libc_nano.a(libc_a-memset.o)
                0x0800225c                memset
 .text.__libc_init_array
                0x0800226c       0x48 /opt/st/stm32cubeide_1.18.0/plugins/com.st.stm32cube.ide.mcu.externaltools.gnu-tools-for-stm32.13.3.rel1.linux64_1.0.0.202410170706/tools/bin/../lib/gcc/arm-none-eabi/13.3.1/../../../../arm-none-eabi/lib/thumb/v7-m/nofp/libc_nano.a(libc_a-init.o)
                0x0800226c                __libc_init_array
 *(.glue_7)
 .glue_7        0x080022b4        0x0 linker stubs
 *(.glue_7t)
 .glue_7t       0x080022b4        0x0 linker stubs
 *(.eh_frame)
 .eh_frame      0x080022b4        0x0 /opt/st/stm32cubeide_1.18.0/plugins/com.st.stm32cube.ide.mcu.externaltools.gnu-tools-for-stm32.13.3.rel1.linux64_1.0.0.202410170706/tools/bin/../lib/gcc/arm-none-eabi/13.3.1/thumb/v7-m/nofp/crtbegin.o
 *(.init)
 .init          0x080022b4        0x4 /opt/st/stm32cubeide_1.18.0/plugins/com.st.stm32cube.ide.mcu.externaltools.gnu-tools-for-stm32.13.3.rel1.linux64_1.0.0.202410170706/tools/bin/../lib/gcc/arm-none-eabi/13.3.1/thumb/v7-m/nofp/crti.o
                0x080022b4                _init
 .init          0x080022b8        0x8 /opt/st/stm32cubeide_1.18.0/plugins/com.st.stm32cube.ide.mcu.externaltools.gnu-tools-for-stm32.13.3.rel1.linux64_1.0.0.202410170706/tools/bin/../lib/gcc/arm-none-eabi/13.3.1/thumb/v7-m/nofp/crtn.o
 *(.fini)
 .fini          0x080022c0        0x4 /opt/st/stm32cubeide_1.18.0/plugins/com.st.stm32cube.ide.mcu.externaltools.gnu-tools-for-stm32.13.3.rel1.linux64_1.0.0.202410170706/tools/bin/../lib/gcc/arm-none-eabi/13.3.1/thumb/v7-m/nofp/crti.o
                0x080022c0                _fini
 .fini          0x080022c4        0x8 /opt/st/stm32cubeide_1.18.0/plugins/com.st.stm32cube.ide.mcu.externaltools.gnu-tools-for-stm32.13.3.rel1.linux64_1.0.0.202410170706/tools/bin/../lib/gcc/arm-none-eabi/13.3.1/thumb/v7-m/nofp/crtn.o
                0x080022cc                        . = ALIGN (0x4)
                0x080022cc                        _etext = .

.vfp11_veneer   0x080022cc        0x0
 .vfp11_veneer  0x080022cc        0x0 linker stubs

.v4_bx          0x080022cc        0x0
 .v4_bx         0x080022cc        0x0 linker stubs

.iplt           0x080022cc        0x0
 .iplt          0x080022cc        0x0 /opt/st/stm32cubeide_1.18.0/plugins/com.st.stm32cube.ide.mcu.externaltools.gnu-tools-for-stm32.13.3.rel1.linux64_1.0.0.202410170706/tools/bin/../lib/gcc/arm-none-eabi/13.3.1/thumb/v7-m/nofp/crtbegin.o

.rodata         0x080022cc       0xa0
                0x080022cc                        . = ALIGN (0x4)
 *(.rodata)
 .rodata        0x080022cc       0x7b ./Core/Src/LCD_Manager.o
 *(.rodata*)
 *fill*         0x08002347        0x1 
 .rodata.AHBPrescTable
                0x08002348       0x10 ./Core/Src/system_stm32f1xx.o
                0x08002348                AHBPrescTable
 .rodata.aPLLMULFactorTable.1
                0x08002358       0x10 ./Drivers/STM32F1xx_HAL_Driver/Src/stm32f1xx_hal_rcc.o
 .rodata.aPredivFactorTable.0
                0x08002368        0x2 ./Drivers/STM32F1xx_HAL_Driver/Src/stm32f1xx_hal_rcc.o
                0x0800236c                        . = ALIGN (0x4)
 *fill*         0x0800236a        0x2 

.ARM.extab      0x0800236c        0x0
                0x0800236c                        . = ALIGN (0x4)
 *(.ARM.extab* .gnu.linkonce.armextab.*)
                0x0800236c                        . = ALIGN (0x4)

.ARM            0x0800236c        0x0
                0x0800236c                        . = ALIGN (0x4)
                0x0800236c                        __exidx_start = .
 *(.ARM.exidx*)
                0x0800236c                        __exidx_end = .
                0x0800236c                        . = ALIGN (0x4)

.preinit_array  0x0800236c        0x0
                0x0800236c                        . = ALIGN (0x4)
                0x0800236c                        PROVIDE (__preinit_array_start = .)
 *(.preinit_array*)
                0x0800236c                        PROVIDE (__preinit_array_end = .)
                0x0800236c                        . = ALIGN (0x4)

.init_array     0x0800236c        0x4
                0x0800236c                        . = ALIGN (0x4)
                0x0800236c                        PROVIDE (__init_array_start = .)
 *(SORT_BY_NAME(.init_array.*))
 *(.init_array*)
 .init_array    0x0800236c        0x4 /opt/st/stm32cubeide_1.18.0/plugins/com.st.stm32cube.ide.mcu.externaltools.gnu-tools-for-stm32.13.3.rel1.linux64_1.0.0.202410170706/tools/bin/../lib/gcc/arm-none-eabi/13.3.1/thumb/v7-m/nofp/crtbegin.o
                0x08002370                        PROVIDE (__init_array_end = .)
                0x08002370                        . = ALIGN (0x4)

.fini_array     0x08002370        0x4
                0x08002370                        . = ALIGN (0x4)
                [!provide]                        PROVIDE (__fini_array_start = .)
 *(SORT_BY_NAME(.fini_array.*))
 *(.fini_array*)
 .fini_array    0x08002370        0x4 /opt/st/stm32cubeide_1.18.0/plugins/com.st.stm32cube.ide.mcu.externaltools.gnu-tools-for-stm32.13.3.rel1.linux64_1.0.0.202410170706/tools/bin/../lib/gcc/arm-none-eabi/13.3.1/thumb/v7-m/nofp/crtbegin.o
                [!provide]                        PROVIDE (__fini_array_end = .)
                0x08002374                        . = ALIGN (0x4)
                0x08002374                        _sidata = LOADADDR (.data)

.rel.dyn        0x08002374        0x0
 .rel.iplt      0x08002374        0x0 /opt/st/stm32cubeide_1.18.0/plugins/com.st.stm32cube.ide.mcu.externaltools.gnu-tools-for-stm32.13.3.rel1.linux64_1.0.0.202410170706/tools/bin/../lib/gcc/arm-none-eabi/13.3.1/thumb/v7-m/nofp/crtbegin.o

.data           0x20000000      0x134 load address 0x08002374
                0x20000000                        . = ALIGN (0x4)
                0x20000000                        _sdata = .
 *(.data)
 *(.data*)
 .data.line_m.0
                0x20000000        0x2 ./Core/Src/MatrizLed.o
 *fill*         0x20000002        0x2 
 .data.message  0x20000004       0x22 ./Core/Src/lcdDisplay.o
                0x20000004                message
 *fill*         0x20000026        0x2 
 .data.MatrizLedA
                0x20000028       0x80 ./Core/Src/main.o
                0x20000028                MatrizLedA
 .data.MatrizLedB
                0x200000a8       0x80 ./Core/Src/main.o
                0x200000a8                MatrizLedB
 .data.SystemCoreClock
                0x20000128        0x4 ./Core/Src/system_stm32f1xx.o
                0x20000128                SystemCoreClock
 .data.uwTickPrio
                0x2000012c        0x4 ./Drivers/STM32F1xx_HAL_Driver/Src/stm32f1xx_hal.o
                0x2000012c                uwTickPrio
 .data.uwTickFreq
                0x20000130        0x1 ./Drivers/STM32F1xx_HAL_Driver/Src/stm32f1xx_hal.o
                0x20000130                uwTickFreq
 *(.RamFunc)
 *(.RamFunc*)
                0x20000134                        . = ALIGN (0x4)
 *fill*         0x20000131        0x3 
                0x20000134                        _edata = .

.igot.plt       0x20000134        0x0 load address 0x080024a8
 .igot.plt      0x20000134        0x0 /opt/st/stm32cubeide_1.18.0/plugins/com.st.stm32cube.ide.mcu.externaltools.gnu-tools-for-stm32.13.3.rel1.linux64_1.0.0.202410170706/tools/bin/../lib/gcc/arm-none-eabi/13.3.1/thumb/v7-m/nofp/crtbegin.o
                0x20000134                        . = ALIGN (0x4)

.bss            0x20000134       0xf4 load address 0x080024a8
                0x20000134                        _sbss = .
                0x20000134                        __bss_start__ = _sbss
 *(.bss)
 .bss           0x20000134       0x1c /opt/st/stm32cubeide_1.18.0/plugins/com.st.stm32cube.ide.mcu.externaltools.gnu-tools-for-stm32.13.3.rel1.linux64_1.0.0.202410170706/tools/bin/../lib/gcc/arm-none-eabi/13.3.1/thumb/v7-m/nofp/crtbegin.o
 *(.bss*)
 .bss.estadoLCD
                0x20000150        0x1 ./Core/Src/LCD_Manager.o
                0x20000150                estadoLCD
 *fill*         0x20000151        0x3 
 .bss.MatrizLed
                0x20000154       0x80 ./Core/Src/MatrizLed.o
                0x20000154                MatrizLed
 .bss.line.1    0x200001d4        0x1 ./Core/Src/MatrizLed.o
 .bss.position_String
                0x200001d5        0x1 ./Core/Src/lcdDisplay.o
                0x200001d5                position_String
 .bss.linha_LCD
                0x200001d6        0x1 ./Core/Src/lcdDisplay.o
                0x200001d6                linha_LCD
 *fill*         0x200001d7        0x1 
 .bss.htim2     0x200001d8       0x48 ./Core/Src/main.o
                0x200001d8                htim2
 .bss.flag1ms   0x20000220        0x1 ./Core/Src/main.o
                0x20000220                flag1ms
 .bss.count100ms
                0x20000221        0x1 ./Core/Src/main.o
                0x20000221                count100ms
 .bss.count1000ms
                0x20000222        0x2 ./Core/Src/main.o
                0x20000222                count1000ms
 .bss.uwTick    0x20000224        0x4 ./Drivers/STM32F1xx_HAL_Driver/Src/stm32f1xx_hal.o
                0x20000224                uwTick
 *(COMMON)
                0x20000228                        . = ALIGN (0x4)
                0x20000228                        _ebss = .
                0x20000228                        __bss_end__ = _ebss

._user_heap_stack
                0x20000228      0x800 load address 0x080024a8
                0x20000228                        . = ALIGN (0x8)
                [!provide]                        PROVIDE (end = .)
                0x20000228                        PROVIDE (_end = .)
                0x20000528                        . = (. + _Min_Heap_Size)
 *fill*         0x20000228      0x300 
                0x20000a28                        . = (. + _Min_Stack_Size)
 *fill*         0x20000528      0x500 
                0x20000a28                        . = ALIGN (0x8)

/DISCARD/
 libc.a(*)
 libm.a(*)
 libgcc.a(*)

.ARM.attributes
                0x00000000       0x29
 *(.ARM.attributes)
 .ARM.attributes
                0x00000000       0x1d /opt/st/stm32cubeide_1.18.0/plugins/com.st.stm32cube.ide.mcu.externaltools.gnu-tools-for-stm32.13.3.rel1.linux64_1.0.0.202410170706/tools/bin/../lib/gcc/arm-none-eabi/13.3.1/thumb/v7-m/nofp/crti.o
 .ARM.attributes
                0x0000001d       0x2d /opt/st/stm32cubeide_1.18.0/plugins/com.st.stm32cube.ide.mcu.externaltools.gnu-tools-for-stm32.13.3.rel1.linux64_1.0.0.202410170706/tools/bin/../lib/gcc/arm-none-eabi/13.3.1/thumb/v7-m/nofp/crtbegin.o
 .ARM.attributes
                0x0000004a       0x2d ./Core/Src/LCD_Manager.o
 .ARM.attributes
                0x00000077       0x2d ./Core/Src/MatrizLed.o
 .ARM.attributes
                0x000000a4       0x2d ./Core/Src/lcdDisplay.o
 .ARM.attributes
                0x000000d1       0x2d ./Core/Src/main.o
 .ARM.attributes
                0x000000fe       0x2d ./Core/Src/stm32f1xx_hal_msp.o
 .ARM.attributes
                0x0000012b       0x2d ./Core/Src/stm32f1xx_it.o
 .ARM.attributes
                0x00000158       0x2d ./Core/Src/system_stm32f1xx.o
 .ARM.attributes
                0x00000185       0x21 ./Core/Startup/startup_stm32f103c8tx.o
 .ARM.attributes
                0x000001a6       0x2d ./Drivers/STM32F1xx_HAL_Driver/Src/stm32f1xx_hal.o
 .ARM.attributes
                0x000001d3       0x2d ./Drivers/STM32F1xx_HAL_Driver/Src/stm32f1xx_hal_cortex.o
 .ARM.attributes
                0x00000200       0x2d ./Drivers/STM32F1xx_HAL_Driver/Src/stm32f1xx_hal_gpio.o
 .ARM.attributes
                0x0000022d       0x2d ./Drivers/STM32F1xx_HAL_Driver/Src/stm32f1xx_hal_rcc.o
 .ARM.attributes
                0x0000025a       0x2d ./Drivers/STM32F1xx_HAL_Driver/Src/stm32f1xx_hal_tim.o
 .ARM.attributes
                0x00000287       0x2d ./Drivers/STM32F1xx_HAL_Driver/Src/stm32f1xx_hal_tim_ex.o
 .ARM.attributes
                0x000002b4       0x2d /opt/st/stm32cubeide_1.18.0/plugins/com.st.stm32cube.ide.mcu.externaltools.gnu-tools-for-stm32.13.3.rel1.linux64_1.0.0.202410170706/tools/bin/../lib/gcc/arm-none-eabi/13.3.1/../../../../arm-none-eabi/lib/thumb/v7-m/nofp/libc_nano.a(libc_a-memset.o)
 .ARM.attributes
                0x000002e1       0x2d /opt/st/stm32cubeide_1.18.0/plugins/com.st.stm32cube.ide.mcu.externaltools.gnu-tools-for-stm32.13.3.rel1.linux64_1.0.0.202410170706/tools/bin/../lib/gcc/arm-none-eabi/13.3.1/../../../../arm-none-eabi/lib/thumb/v7-m/nofp/libc_nano.a(libc_a-init.o)
 .ARM.attributes
                0x0000030e       0x1d /opt/st/stm32cubeide_1.18.0/plugins/com.st.stm32cube.ide.mcu.externaltools.gnu-tools-for-stm32.13.3.rel1.linux64_1.0.0.202410170706/tools/bin/../lib/gcc/arm-none-eabi/13.3.1/thumb/v7-m/nofp/crtn.o
OUTPUT(ProjetoTetris.elf elf32-littlearm)
LOAD linker stubs
LOAD /opt/st/stm32cubeide_1.18.0/plugins/com.st.stm32cube.ide.mcu.externaltools.gnu-tools-for-stm32.13.3.rel1.linux64_1.0.0.202410170706/tools/bin/../lib/gcc/arm-none-eabi/13.3.1/../../../../arm-none-eabi/lib/thumb/v7-m/nofp/libc.a
LOAD /opt/st/stm32cubeide_1.18.0/plugins/com.st.stm32cube.ide.mcu.externaltools.gnu-tools-for-stm32.13.3.rel1.linux64_1.0.0.202410170706/tools/bin/../lib/gcc/arm-none-eabi/13.3.1/../../../../arm-none-eabi/lib/thumb/v7-m/nofp/libm.a
LOAD /opt/st/stm32cubeide_1.18.0/plugins/com.st.stm32cube.ide.mcu.externaltools.gnu-tools-for-stm32.13.3.rel1.linux64_1.0.0.202410170706/tools/bin/../lib/gcc/arm-none-eabi/13.3.1/thumb/v7-m/nofp/libgcc.a

.debug_info     0x00000000     0x85f9
 .debug_info    0x00000000      0x119 ./Core/Src/LCD_Manager.o
 .debug_info    0x00000119      0x2f3 ./Core/Src/MatrizLed.o
 .debug_info    0x0000040c      0x3d8 ./Core/Src/lcdDisplay.o
 .debug_info    0x000007e4      0xeeb ./Core/Src/main.o
 .debug_info    0x000016cf      0x938 ./Core/Src/stm32f1xx_hal_msp.o
 .debug_info    0x00002007      0x6a1 ./Core/Src/stm32f1xx_it.o
 .debug_info    0x000026a8      0x222 ./Core/Src/system_stm32f1xx.o
 .debug_info    0x000028ca       0x30 ./Core/Startup/startup_stm32f103c8tx.o
 .debug_info    0x000028fa      0x704 ./Drivers/STM32F1xx_HAL_Driver/Src/stm32f1xx_hal.o
 .debug_info    0x00002ffe      0xa87 ./Drivers/STM32F1xx_HAL_Driver/Src/stm32f1xx_hal_cortex.o
 .debug_info    0x00003a85      0x5ab ./Drivers/STM32F1xx_HAL_Driver/Src/stm32f1xx_hal_gpio.o
 .debug_info    0x00004030      0x7d5 ./Drivers/STM32F1xx_HAL_Driver/Src/stm32f1xx_hal_rcc.o
 .debug_info    0x00004805     0x2959 ./Drivers/STM32F1xx_HAL_Driver/Src/stm32f1xx_hal_tim.o
 .debug_info    0x0000715e     0x149b ./Drivers/STM32F1xx_HAL_Driver/Src/stm32f1xx_hal_tim_ex.o

.debug_abbrev   0x00000000     0x1a69
 .debug_abbrev  0x00000000       0xd4 ./Core/Src/LCD_Manager.o
 .debug_abbrev  0x000000d4      0x19f ./Core/Src/MatrizLed.o
 .debug_abbrev  0x00000273      0x1e4 ./Core/Src/lcdDisplay.o
 .debug_abbrev  0x00000457      0x302 ./Core/Src/main.o
 .debug_abbrev  0x00000759      0x1ad ./Core/Src/stm32f1xx_hal_msp.o
 .debug_abbrev  0x00000906      0x191 ./Core/Src/stm32f1xx_it.o
 .debug_abbrev  0x00000a97      0x13f ./Core/Src/system_stm32f1xx.o
 .debug_abbrev  0x00000bd6       0x24 ./Core/Startup/startup_stm32f103c8tx.o
 .debug_abbrev  0x00000bfa      0x201 ./Drivers/STM32F1xx_HAL_Driver/Src/stm32f1xx_hal.o
 .debug_abbrev  0x00000dfb      0x2f8 ./Drivers/STM32F1xx_HAL_Driver/Src/stm32f1xx_hal_cortex.o
 .debug_abbrev  0x000010f3      0x1ca ./Drivers/STM32F1xx_HAL_Driver/Src/stm32f1xx_hal_gpio.o
 .debug_abbrev  0x000012bd      0x2b3 ./Drivers/STM32F1xx_HAL_Driver/Src/stm32f1xx_hal_rcc.o
 .debug_abbrev  0x00001570      0x277 ./Drivers/STM32F1xx_HAL_Driver/Src/stm32f1xx_hal_tim.o
 .debug_abbrev  0x000017e7      0x282 ./Drivers/STM32F1xx_HAL_Driver/Src/stm32f1xx_hal_tim_ex.o

.debug_aranges  0x00000000      0x9f8
 .debug_aranges
                0x00000000       0x28 ./Core/Src/LCD_Manager.o
 .debug_aranges
                0x00000028       0x28 ./Core/Src/MatrizLed.o
 .debug_aranges
                0x00000050       0x68 ./Core/Src/lcdDisplay.o
 .debug_aranges
                0x000000b8       0x58 ./Core/Src/main.o
 .debug_aranges
                0x00000110       0x30 ./Core/Src/stm32f1xx_hal_msp.o
 .debug_aranges
                0x00000140       0x68 ./Core/Src/stm32f1xx_it.o
 .debug_aranges
                0x000001a8       0x28 ./Core/Src/system_stm32f1xx.o
 .debug_aranges
                0x000001d0       0x28 ./Core/Startup/startup_stm32f103c8tx.o
 .debug_aranges
                0x000001f8       0xe0 ./Drivers/STM32F1xx_HAL_Driver/Src/stm32f1xx_hal.o
 .debug_aranges
                0x000002d8      0x100 ./Drivers/STM32F1xx_HAL_Driver/Src/stm32f1xx_hal_cortex.o
 .debug_aranges
                0x000003d8       0x58 ./Drivers/STM32F1xx_HAL_Driver/Src/stm32f1xx_hal_gpio.o
 .debug_aranges
                0x00000430       0x90 ./Drivers/STM32F1xx_HAL_Driver/Src/stm32f1xx_hal_rcc.o
 .debug_aranges
                0x000004c0      0x3d0 ./Drivers/STM32F1xx_HAL_Driver/Src/stm32f1xx_hal_tim.o
 .debug_aranges
                0x00000890      0x168 ./Drivers/STM32F1xx_HAL_Driver/Src/stm32f1xx_hal_tim_ex.o

.debug_rnglists
                0x00000000      0x7a3
 .debug_rnglists
                0x00000000       0x1a ./Core/Src/LCD_Manager.o
 .debug_rnglists
                0x0000001a       0x1a ./Core/Src/MatrizLed.o
 .debug_rnglists
                0x00000034       0x4b ./Core/Src/lcdDisplay.o
 .debug_rnglists
                0x0000007f       0x41 ./Core/Src/main.o
 .debug_rnglists
                0x000000c0       0x1f ./Core/Src/stm32f1xx_hal_msp.o
 .debug_rnglists
                0x000000df       0x49 ./Core/Src/stm32f1xx_it.o
 .debug_rnglists
                0x00000128       0x1a ./Core/Src/system_stm32f1xx.o
 .debug_rnglists
                0x00000142       0x19 ./Core/Startup/startup_stm32f103c8tx.o
 .debug_rnglists
                0x0000015b       0xa3 ./Drivers/STM32F1xx_HAL_Driver/Src/stm32f1xx_hal.o
 .debug_rnglists
                0x000001fe       0xbb ./Drivers/STM32F1xx_HAL_Driver/Src/stm32f1xx_hal_cortex.o
 .debug_rnglists
                0x000002b9       0x3f ./Drivers/STM32F1xx_HAL_Driver/Src/stm32f1xx_hal_gpio.o
 .debug_rnglists
                0x000002f8       0x6c ./Drivers/STM32F1xx_HAL_Driver/Src/stm32f1xx_hal_rcc.o
 .debug_rnglists
                0x00000364      0x31a ./Drivers/STM32F1xx_HAL_Driver/Src/stm32f1xx_hal_tim.o
 .debug_rnglists
                0x0000067e      0x125 ./Drivers/STM32F1xx_HAL_Driver/Src/stm32f1xx_hal_tim_ex.o

.debug_macro    0x00000000    0x16c94
 .debug_macro   0x00000000      0x1c1 ./Core/Src/LCD_Manager.o
 .debug_macro   0x000001c1      0xacc ./Core/Src/LCD_Manager.o
 .debug_macro   0x00000c8d      0x215 ./Core/Src/LCD_Manager.o
 .debug_macro   0x00000ea2       0x2e ./Core/Src/LCD_Manager.o
 .debug_macro   0x00000ed0       0x22 ./Core/Src/LCD_Manager.o
 .debug_macro   0x00000ef2       0x22 ./Core/Src/LCD_Manager.o
 .debug_macro   0x00000f14       0x8e ./Core/Src/LCD_Manager.o
 .debug_macro   0x00000fa2       0x51 ./Core/Src/LCD_Manager.o
 .debug_macro   0x00000ff3      0x103 ./Core/Src/LCD_Manager.o
 .debug_macro   0x000010f6       0x6a ./Core/Src/LCD_Manager.o
 .debug_macro   0x00001160      0x1df ./Core/Src/LCD_Manager.o
 .debug_macro   0x0000133f       0x1c ./Core/Src/LCD_Manager.o
 .debug_macro   0x0000135b       0x22 ./Core/Src/LCD_Manager.o
 .debug_macro   0x0000137d       0xbd ./Core/Src/LCD_Manager.o
 .debug_macro   0x0000143a      0xd23 ./Core/Src/LCD_Manager.o
 .debug_macro   0x0000215d     0xe09e ./Core/Src/LCD_Manager.o
 .debug_macro   0x000101fb       0x6d ./Core/Src/LCD_Manager.o
 .debug_macro   0x00010268     0x34a2 ./Core/Src/LCD_Manager.o
 .debug_macro   0x0001370a      0x190 ./Core/Src/LCD_Manager.o
 .debug_macro   0x0001389a       0x5c ./Core/Src/LCD_Manager.o
 .debug_macro   0x000138f6      0x5bc ./Core/Src/LCD_Manager.o
 .debug_macro   0x00013eb2      0x289 ./Core/Src/LCD_Manager.o
 .debug_macro   0x0001413b      0x1cb ./Core/Src/LCD_Manager.o
 .debug_macro   0x00014306      0x114 ./Core/Src/LCD_Manager.o
 .debug_macro   0x0001441a      0x1b2 ./Core/Src/LCD_Manager.o
 .debug_macro   0x000145cc       0x27 ./Core/Src/LCD_Manager.o
 .debug_macro   0x000145f3      0x136 ./Core/Src/LCD_Manager.o
 .debug_macro   0x00014729      0x1bc ./Core/Src/LCD_Manager.o
 .debug_macro   0x000148e5       0x34 ./Core/Src/LCD_Manager.o
 .debug_macro   0x00014919       0x3c ./Core/Src/LCD_Manager.o
 .debug_macro   0x00014955       0x57 ./Core/Src/LCD_Manager.o
 .debug_macro   0x000149ac       0x87 ./Core/Src/LCD_Manager.o
 .debug_macro   0x00014a33      0x240 ./Core/Src/LCD_Manager.o
 .debug_macro   0x00014c73      0x140 ./Core/Src/LCD_Manager.o
 .debug_macro   0x00014db3      0x8ed ./Core/Src/LCD_Manager.o
 .debug_macro   0x000156a0       0x83 ./Core/Src/LCD_Manager.o
 .debug_macro   0x00015723       0x7c ./Core/Src/LCD_Manager.o
 .debug_macro   0x0001579f       0x58 ./Core/Src/LCD_Manager.o
 .debug_macro   0x000157f7      0x1b7 ./Core/Src/MatrizLed.o
 .debug_macro   0x000159ae       0x10 ./Core/Src/MatrizLed.o
 .debug_macro   0x000159be      0x1b7 ./Core/Src/lcdDisplay.o
 .debug_macro   0x00015b75      0x1de ./Core/Src/main.o
 .debug_macro   0x00015d53       0x16 ./Core/Src/main.o
 .debug_macro   0x00015d69      0x1a8 ./Core/Src/stm32f1xx_hal_msp.o
 .debug_macro   0x00015f11      0x1b2 ./Core/Src/stm32f1xx_it.o
 .debug_macro   0x000160c3      0x199 ./Core/Src/system_stm32f1xx.o
 .debug_macro   0x0001625c      0x1bd ./Drivers/STM32F1xx_HAL_Driver/Src/stm32f1xx_hal.o
 .debug_macro   0x00016419      0x199 ./Drivers/STM32F1xx_HAL_Driver/Src/stm32f1xx_hal_cortex.o
 .debug_macro   0x000165b2      0x204 ./Drivers/STM32F1xx_HAL_Driver/Src/stm32f1xx_hal_gpio.o
 .debug_macro   0x000167b6      0x1ab ./Drivers/STM32F1xx_HAL_Driver/Src/stm32f1xx_hal_rcc.o
 .debug_macro   0x00016961      0x19a ./Drivers/STM32F1xx_HAL_Driver/Src/stm32f1xx_hal_tim.o
 .debug_macro   0x00016afb      0x199 ./Drivers/STM32F1xx_HAL_Driver/Src/stm32f1xx_hal_tim_ex.o

.debug_line     0x00000000     0xa7bb
 .debug_line    0x00000000      0x674 ./Core/Src/LCD_Manager.o
 .debug_line    0x00000674      0x6fb ./Core/Src/MatrizLed.o
 .debug_line    0x00000d6f      0x7e3 ./Core/Src/lcdDisplay.o
 .debug_line    0x00001552      0x84c ./Core/Src/main.o
 .debug_line    0x00001d9e      0x665 ./Core/Src/stm32f1xx_hal_msp.o
 .debug_line    0x00002403      0x6f0 ./Core/Src/stm32f1xx_it.o
 .debug_line    0x00002af3      0x6a8 ./Core/Src/system_stm32f1xx.o
 .debug_line    0x0000319b       0x78 ./Core/Startup/startup_stm32f103c8tx.o
 .debug_line    0x00003213      0x8d9 ./Drivers/STM32F1xx_HAL_Driver/Src/stm32f1xx_hal.o
 .debug_line    0x00003aec      0xaa3 ./Drivers/STM32F1xx_HAL_Driver/Src/stm32f1xx_hal_cortex.o
 .debug_line    0x0000458f      0x936 ./Drivers/STM32F1xx_HAL_Driver/Src/stm32f1xx_hal_gpio.o
 .debug_line    0x00004ec5      0xd92 ./Drivers/STM32F1xx_HAL_Driver/Src/stm32f1xx_hal_rcc.o
 .debug_line    0x00005c57     0x33c7 ./Drivers/STM32F1xx_HAL_Driver/Src/stm32f1xx_hal_tim.o
 .debug_line    0x0000901e     0x179d ./Drivers/STM32F1xx_HAL_Driver/Src/stm32f1xx_hal_tim_ex.o

.debug_str      0x00000000    0x84a54
 .debug_str     0x00000000    0x84a54 ./Core/Src/LCD_Manager.o
                              0x81ffa (size before relaxing)
 .debug_str     0x00084a54    0x81d80 ./Core/Src/MatrizLed.o
 .debug_str     0x00084a54    0x82110 ./Core/Src/lcdDisplay.o
 .debug_str     0x00084a54    0x82a75 ./Core/Src/main.o
 .debug_str     0x00084a54    0x824ef ./Core/Src/stm32f1xx_hal_msp.o
 .debug_str     0x00084a54    0x821f0 ./Core/Src/stm32f1xx_it.o
 .debug_str     0x00084a54    0x81b63 ./Core/Src/system_stm32f1xx.o
 .debug_str     0x00084a54       0x8c ./Core/Startup/startup_stm32f103c8tx.o
 .debug_str     0x00084a54    0x82296 ./Drivers/STM32F1xx_HAL_Driver/Src/stm32f1xx_hal.o
 .debug_str     0x00084a54    0x821e2 ./Drivers/STM32F1xx_HAL_Driver/Src/stm32f1xx_hal_cortex.o
 .debug_str     0x00084a54    0x81ee9 ./Drivers/STM32F1xx_HAL_Driver/Src/stm32f1xx_hal_gpio.o
 .debug_str     0x00084a54    0x81f92 ./Drivers/STM32F1xx_HAL_Driver/Src/stm32f1xx_hal_rcc.o
 .debug_str     0x00084a54    0x82f94 ./Drivers/STM32F1xx_HAL_Driver/Src/stm32f1xx_hal_tim.o
 .debug_str     0x00084a54    0x827a0 ./Drivers/STM32F1xx_HAL_Driver/Src/stm32f1xx_hal_tim_ex.o

.comment        0x00000000       0x43
 .comment       0x00000000       0x43 ./Core/Src/LCD_Manager.o
                                 0x44 (size before relaxing)
 .comment       0x00000043       0x44 ./Core/Src/MatrizLed.o
 .comment       0x00000043       0x44 ./Core/Src/lcdDisplay.o
 .comment       0x00000043       0x44 ./Core/Src/main.o
 .comment       0x00000043       0x44 ./Core/Src/stm32f1xx_hal_msp.o
 .comment       0x00000043       0x44 ./Core/Src/stm32f1xx_it.o
 .comment       0x00000043       0x44 ./Core/Src/system_stm32f1xx.o
 .comment       0x00000043       0x44 ./Drivers/STM32F1xx_HAL_Driver/Src/stm32f1xx_hal.o
 .comment       0x00000043       0x44 ./Drivers/STM32F1xx_HAL_Driver/Src/stm32f1xx_hal_cortex.o
 .comment       0x00000043       0x44 ./Drivers/STM32F1xx_HAL_Driver/Src/stm32f1xx_hal_gpio.o
 .comment       0x00000043       0x44 ./Drivers/STM32F1xx_HAL_Driver/Src/stm32f1xx_hal_rcc.o
 .comment       0x00000043       0x44 ./Drivers/STM32F1xx_HAL_Driver/Src/stm32f1xx_hal_tim.o
 .comment       0x00000043       0x44 ./Drivers/STM32F1xx_HAL_Driver/Src/stm32f1xx_hal_tim_ex.o

.debug_frame    0x00000000     0x2824
 .debug_frame   0x00000000       0x54 ./Core/Src/LCD_Manager.o
 .debug_frame   0x00000054       0x5c ./Core/Src/MatrizLed.o
 .debug_frame   0x000000b0      0x15c ./Core/Src/lcdDisplay.o
 .debug_frame   0x0000020c      0x124 ./Core/Src/main.o
 .debug_frame   0x00000330       0x80 ./Core/Src/stm32f1xx_hal_msp.o
 .debug_frame   0x000003b0      0x120 ./Core/Src/stm32f1xx_it.o
 .debug_frame   0x000004d0       0x58 ./Core/Src/system_stm32f1xx.o
 .debug_frame   0x00000528      0x334 ./Drivers/STM32F1xx_HAL_Driver/Src/stm32f1xx_hal.o
 .debug_frame   0x0000085c      0x428 ./Drivers/STM32F1xx_HAL_Driver/Src/stm32f1xx_hal_cortex.o
 .debug_frame   0x00000c84      0x14c ./Drivers/STM32F1xx_HAL_Driver/Src/stm32f1xx_hal_gpio.o
 .debug_frame   0x00000dd0      0x218 ./Drivers/STM32F1xx_HAL_Driver/Src/stm32f1xx_hal_rcc.o
 .debug_frame   0x00000fe8     0x11b8 ./Drivers/STM32F1xx_HAL_Driver/Src/stm32f1xx_hal_tim.o
 .debug_frame   0x000021a0      0x638 ./Drivers/STM32F1xx_HAL_Driver/Src/stm32f1xx_hal_tim_ex.o
 .debug_frame   0x000027d8       0x20 /opt/st/stm32cubeide_1.18.0/plugins/com.st.stm32cube.ide.mcu.externaltools.gnu-tools-for-stm32.13.3.rel1.linux64_1.0.0.202410170706/tools/bin/../lib/gcc/arm-none-eabi/13.3.1/../../../../arm-none-eabi/lib/thumb/v7-m/nofp/libc_nano.a(libc_a-memset.o)
 .debug_frame   0x000027f8       0x2c /opt/st/stm32cubeide_1.18.0/plugins/com.st.stm32cube.ide.mcu.externaltools.gnu-tools-for-stm32.13.3.rel1.linux64_1.0.0.202410170706/tools/bin/../lib/gcc/arm-none-eabi/13.3.1/../../../../arm-none-eabi/lib/thumb/v7-m/nofp/libc_nano.a(libc_a-init.o)

.debug_line_str
                0x00000000       0x70
 .debug_line_str
                0x00000000       0x70 ./Core/Startup/startup_stm32f103c8tx.o
