../Core/Src/input.c:24:6:initInput	24	static
../Core/Src/input.c:29:10:ler_ADC_canal	32	static
../Core/Src/input.c:46:6:taskLeituraAD	8	static
../Core/Src/input.c:58:6:atualizaNavegacaoUpandDown	8	static
../Core/Src/input.c:85:6:atualizaNavegacaoEsquerdaDireita	8	static
../Core/Src/input.c:111:6:atualizaBotao	4	static
../Core/Src/input.c:125:9:getCima	4	static
../Core/Src/input.c:129:9:getBaixo	4	static
../Core/Src/input.c:133:6:resetCimaBaixo	4	static
../Core/Src/input.c:138:9:getDireita	4	static
../Core/Src/input.c:142:9:getEsquerda	4	static
../Core/Src/input.c:146:9:getBotaoEvento	4	static
../Core/Src/input.c:151:6:resetDireitaEsquerda	4	static
../Core/Src/input.c:157:6:resetBotaoEvento	4	static
