../Core/Src/input.c:26:6:initInput	24	static
../Core/Src/input.c:31:10:ler_ADC_canal	32	static
../Core/Src/input.c:48:6:taskLeituraAD	8	static
../Core/Src/input.c:60:6:atualizaNavegacaoUpandDown	8	static
../Core/Src/input.c:87:6:atualizaNavegacaoEsquerdaDireita	8	static
../Core/Src/input.c:113:6:atualizaBotao	4	static
../Core/Src/input.c:127:9:getCima	4	static
../Core/Src/input.c:131:9:getBaixo	4	static
../Core/Src/input.c:135:6:resetCimaBaixo	4	static
../Core/Src/input.c:140:9:getDireita	4	static
../Core/Src/input.c:144:9:getEsquerda	4	static
../Core/Src/input.c:148:9:getBotaoEvento	4	static
../Core/Src/input.c:153:6:resetDireitaEsquerda	4	static
../Core/Src/input.c:159:6:resetBotaoEvento	4	static
