../Core/Src/LCD_Manager.c:96:6:lcd_Task	8	static
../Core/Src/LCD_Manager.c:155:6:changeLCDScreen	16	static
../Core/Src/LCD_Manager.c:170:6:initLCD	8	static
../Core/Src/LCD_Manager.c:181:6:updateDataEEPROMLCDMenu2	8	static
../Core/Src/LCD_Manager.c:189:6:updateDataEEPROMLCDMenu3	8	static
../Core/Src/LCD_Manager.c:204:6:updateDataEEPROMLCDMenu4	8	static
../Core/Src/LCD_Manager.c:213:6:changeName	8	static
../Core/Src/LCD_Manager.c:237:6:inserir_letra_nome	16	static
../Core/Src/LCD_Manager.c:245:6:atualizar_nome_em_letrasLinha2	4	static
