../Core/Src/lcdDisplay.c:24:6:register_EN	8	static
../Core/Src/lcdDisplay.c:111:6:Write_Display	8	static
../Core/Src/lcdDisplay.c:124:6:Write_caracter	16	static
../Core/Src/lcdDisplay.c:128:6:registra_RS	8	static
../Core/Src/lcdDisplay.c:138:6:Set_Line	16	static
../Core/Src/lcdDisplay.c:145:6:change_Message	24	static
../Core/Src/lcdDisplay.c:160:6:send_nibble	16	static
../Core/Src/lcdDisplay.c:169:6:lcd_send_command	16	static
../Core/Src/lcdDisplay.c:176:6:lcd_send_data	16	static
../Core/Src/lcdDisplay.c:183:6:initialize_LCD	8	static
