../Core/Src/lcdDisplay.c:27:6:register_EN	8	static
../Core/Src/lcdDisplay.c:114:6:Write_Display	8	static
../Core/Src/lcdDisplay.c:127:6:Write_caracter	16	static
../Core/Src/lcdDisplay.c:131:6:registra_RS	8	static
../Core/Src/lcdDisplay.c:141:6:Set_Line	16	static
../Core/Src/lcdDisplay.c:148:6:change_Message	24	static
../Core/Src/lcdDisplay.c:163:6:send_nibble	16	static
../Core/Src/lcdDisplay.c:172:6:lcd_send_command	16	static
../Core/Src/lcdDisplay.c:179:6:lcd_send_data	16	static
../Core/Src/lcdDisplay.c:186:6:initialize_LCD	8	static
